const int x;
x = 0;
bool a1;
bool t1;
t1 = true && false;
a1 = t1;
int t2;
int b;
t2 = 4 % 3;
b = t2;
int t3;
int t4;
int a;
t3 = 1 + 2;
t4 = t3 - b;
a = t4;
int t5;
int t6;
int t7;
int t8;
int res;
t5 = 9 / 8;
t6 = 4 * 3;
t7 = 1 * t5;
t8 = t6 + t7;
res = t8;
